// Jest Snapshot v1, https://goo.gl/fbAQLP

exports[`Home should render unanswered questions by default 1`] = `
<DocumentFragment>
  <div
    class="home-container"
  >
    <div
      class="toggle-buttons"
    >
      <button
        disabled=""
      >
        Unanswered Questions
      </button>
      <button>
        Answered Questions
      </button>
    </div>
    <div
      class="questions-list"
    >
      <h3>
        Unanswered Questions
      </h3>
      <ul />
    </div>
  </div>
</DocumentFragment>
`;

exports[`Home should switch to answered questions when clicked 1`] = `
<DocumentFragment>
  <div
    class="home-container"
  >
    <div
      class="toggle-buttons"
    >
      <button
        disabled=""
      >
        Unanswered Questions
      </button>
      <button>
        Answered Questions
      </button>
    </div>
    <div
      class="questions-list"
    >
      <h3>
        Unanswered Questions
      </h3>
      <ul />
    </div>
  </div>
</DocumentFragment>
`;
